---
source: crates/mermaid-text/tests/regression_corpus.rs
assertion_line: 72
expression: natural
---
                                 ┌───────┐
                                ▸│ Gate2 │───────┐
                                │└───────┘       │
                 ┌───────┐│     │                │
                ▸│ Gate1 ││     │                │
                │└───────┘├──edge label          │
┌────────┐──────┼─────────┼──────────────────────▸┌──────┐
│ Source │      │         └──────────────────────▸│ Dest │
└────────┘──────┘                                ▸└──────┘
