---
source: crates/mermaid-text/tests/regression_corpus.rs
assertion_line: 72
expression: natural
---
            ╭───────╮
            │ ───── │
           ▸│ Redis │
           │╰───────╯
           │                 ┌────────┐
           │                ▸│ Worker │────┐
           │                │└────────┘    │╭────────────╮
┌─────┐│   │╭──────────╮    │              ▸│ ────────── │
│ App │├───┘│ ──────── │    │              ││ PostgreSQL │
└─────┘├───▸│ RabbitMQ │────┘              ▸╰────────────╯
       │    ╰──────────╯                   │
       └───────────────────────────────────┘
