---
source: crates/mermaid-text/tests/regression_corpus.rs
assertion_line: 80
expression: constrained
---
            ┌──────┐
            │ Idle │◂──────┐
            └──────┘       │
                │          │
                │          │
                │          │
                │event     │
                │          │
                │          │
             ┌──┘          │
        ┌────▾────┐        │
        │ Running │        │retry
        └─────────┘        │
            │ └───────┐    │
            │         │    │
            │         │    │
       done │         │error
            │         │    │
            │         │    │
          ┌─┘         │    │
      ┌───▾──┐   ┌────▾───┐│
      │ Done │   │ Failed ├┘
      └──────┘   └────────┘
