---
source: crates/mermaid-text/tests/regression_corpus.rs
expression: natural
---






                                    ╭─────────╮       pause
                                   ▸│ Running │──────────────┐
                                   │╰────▴────╯              │
                                   │     ┴───┐               │
╭─────╮       ╭──────╮      start  │     └───┼┐              │╭────────╮
(  ●  )──────▸│ Idle │─────────────┘         ││              ▸│ Paused │
╰─────╯       ╰───▴──╯─────────────┐╭───────╮││               ╰────────╯
                  │                ││╭─────╮│││                    ┴
                  │                ▸││  ●  ││││                    │
                  │                 │╰─────╯│││                    │
                  │            stop ╰───────╯││         resume     │
                  └──────────────────────────┘└────────────────────┘
