---
source: crates/mermaid-text/tests/regression_corpus.rs
assertion_line: 80
expression: constrained
---
                                           ╭─────────╮
                                          ▸│ Branch1 │──────┐
                                 ███      │╰─────────╯      │███
                                 ███──────┘                 ▸███
                                ▸███                         ███──────┐
                                │███──────┐                 ▸███      │╭───────╮
╭─────╮       ╱──────────╲──────┘███      │╭─────────╮      │███      ▸│╭─────╮│
(  ●  )──────▸│ Decision │   positive     ▸│ Branch2 │──────┘         │││  ●  ││
╰─────╯       ╲──────────╱│                ╰─────────╯                ▸│╰─────╯│
                          └───────────────────────────────────────────┘╰───────╯
                                                negative
