---
source: crates/mermaid-text/tests/snapshots.rs
assertion_line: 606
expression: out
---
╭─Outer─────────────────────────────╮
│                                   │
│ ╭─Inner────────────╮              │
│ │                  │   ┌─────────┐│
│ │ ╭───╮      ╭───╮ │   │╭───────╮││
│ │ │ A │─────▸│ B │ │   ▸│ Other │││
│ │ ╰───╯      ╰───╯ │    ╰───────╯ │
│ │                  │              │
│ ╰──────────────────╯              │
│                                   │
╰───────────────────────────────────╯
