---
source: crates/mermaid-text/tests/snapshots.rs
assertion_line: 210
expression: out
---
                     ╭─Services───────╮  ╭─Infra────────╮
                     │                │  │              │
┌───────────────┐    │ ┌────────────┐ │  │ ╭──────────╮ │
│ Load Balancer │────│▸│ API Server │─│──│┐├──────────┤ │
└───────────────┘────│┐└────────────┘─│──│▸│ Postgres │ │
                     ││               │  │▸╰──────────╯ │
                     ││               │  ││             │
                     ││┌────────┐     │  ││             │
                     │▸│ Worker │─────│──│┘╭───────╮    │
                     │ └────────┘─────│─┐│ ├───────┤    │
                     │                │ ││▸│ Redis │    │
                     ╰────────────────╯ └│▸╰───────╯    │
                                         │              │
                                         ╰──────────────╯
