---
source: crates/mermaid-text/tests/snapshots.rs
assertion_line: 969
expression: out
---
┌─────────┐
│ Running │◂────────┐
└─────────┘         │
     │ │            │
     │ │            │
     │ │            │
done │ │error       │
     │ │            │
     │ │            │
    ┌┘ └───────┐    │
┌───▾──┐  ┌────▾───┐│
│ Done │  │ Failed ││
└──────┘  └────────┘│event
               │    │
               │    │
               │    │
               │retry
               │    │
               │    │
    ┌──────────┘    │
┌───▾──┐            │
│ Idle ├┘           │
└──────┘│           │
        └───────────┘
