---
source: crates/mermaid-text/tests/snapshots.rs
assertion_line: 119
expression: out
---
┌───┐──────────────┐┌───┐
│ A │┆             ▸│ B │
└───┘┣━━━━━━━━━━━━━┓└───┘
     ┆      solid quoted
dashed quoted      ┃
     ┆thick quoted ┃┌───┐
     └┄┄┄┄┄┄┄┄┄┄┄┄┄▸│ C │
                   ┃└───┘
                   ┃
                   ┃
                   ┃┌───┐
                   ▸│ D │
                    └───┘
