---
source: crates/mermaid-text/tests/snapshots.rs
expression: out
---






                                 ┌───────┐
                                ▸│ Gate2 │───────┐
                                │└───────┘       │
                 ┌───────┐      │                │
                ▸│ Gate1 ││     │                │
                │└───────┘├─────┘   edge label   │
┌────────┐      │        ┌┼──────────────────────▸┌──────┐
│ Source │──────┼────────┘└──────────────────────▸│ Dest │
└────────┘──────┘                                ▸└──────┘
