---
source: crates/mermaid-text/tests/snapshots.rs
expression: out
---
╭─────╮                          ╭──────╮      ╭─────────╮
│( ● )│─────────────────────────▸│ Idle │─────▸│ Working │
╰─────╯                         ─╰──────╯      ╰─────────╯
                                ┆
                                ┆
╭─────────────────────────╮     ┆
│  worker pool size = 4   │     ┆
│ shared with retry queue │┄┄┄┄┄┘
╰─────────────────────────╯
