---
source: crates/mermaid-text/tests/snapshots.rs
assertion_line: 68
expression: out
---
┌───────────┐  ╭─────────╮  ┌────◇────┐  ╭──────────╮  ╭───────────╮  ┌──────────────┐  ╭──────────╮  ┌───────────┐  ┌──────────────┐  /─────────────────┐  /─────────────\  ╭──────────────────╮
│ Rectangle │  │ Rounded │  │ Diamond │  │( Circle )│  │( Stadium )│  ││ Subroutine ││  ├──────────┤  <  Hexagon  >  │  Asymmetric  ⟩  │  Parallelogram  │  │  Trapezoid  │  │╭────────────────╮│
└───────────┘  ╰─────────╯  └────◇────┘  ╰──────────╯  ╰───────────╯  └──────────────┘  │ Cylinder │  └───────────┘  └──────────────┘  └─────────────────/  └─────────────┘  ││  DoubleCircle  ││
                                                                                        ╰──────────╯                                                                         │╰────────────────╯│
                                                                                                                                                                             ╰──────────────────╯
