---
source: crates/mermaid-text/tests/snapshots.rs
assertion_line: 642
expression: out
---
╭─────╮      ╭────────────────────────────────╮                                probe succeeds                    ╭───────────────────────────────╮
│( ● )│─────┐│ One probe call allowed through │────────────────────────────────probe fails (increased backoff)──┐│   All DB calls pass through   │
╰─────╯     │╰────────────────▴───────────────╯────────────────────────────────────────────────────────────────┐▸│ Counting consecutive failures ││
            └─────────────────├────────────────────────────────────────────────────────────────────────────────┼▸╰───────────────────────────────╯│
                              │                                                                                │                 5 consecutive failures
                              │                                                                                │┌─────────────────────────────────┘
                              │                                                                                ││╭─────────────────────────────────────────────╮
                              │                                                                                │││ DB calls skipped (sleep for probe interval) │
                              │                                                                                │▸│             No writes attempted             │
                              │                                                    probe interval elapsed      └▸╰──────────────────────┬──────────────────────╯
                              └─────────────────────────────────────────────────────────────────────────────────────────────────────────┴
