---
source: crates/mermaid-text/tests/snapshots.rs
assertion_line: 85
expression: out
---
┌───┐┏────┐┌───┐
│ A │┣━━━┓▸│ B │
└───┘◂──┐┃ └───┘
   ┌┬┼─┐│┃
   ││┆ ││┃
   ││┆ ││┃ ┌───┐
   ││└┄┼┼╋▸│ C │
   ││  ││┃ └───┘
   ││  ││┃
   ││  ││┃
   ││  ││┃ ┌───┐
   ││  ││┗▸│ D │
   ││  ││  └───┘
   ││  ││
   ││  ││
   ││  ││  ┌───┐
   ││  │└──│ E │
   ││  │   └───┘
   ││  │
   ││  │
   ││  │   ┌───┐
   │└──┼──▸│ F │
   │   │   └───┘
   │   │
   │   │
   │   │   ┌───┐
   │   └──○│ G │
   │       └───┘
   │
   │
   │       ┌───┐
   └──────×│ H │
           └───┘
