---
source: crates/mermaid-text/tests/snapshots.rs
assertion_line: 584
expression: out
---
╭─Active──────────────────────────────────────────────────────────────╮
│┌───────────────────────────────────────────────────────────────────┐│
││╭───────────╮                  EvNumLockPressed     ╭────────────╮ ││
│││ NumLockOn │──────────────────────────────────────▸│ NumLockOff │ ││
││╰─────▴─────╯                                       ╰──────┬─────╯ ││
│└──────┘                                                    ┴───────┘│
│   EvNumLockPressed                                                  │
│ ╭────────────╮                  EvCapsLockPressed   ╭─────────────╮ │
│ │ CapsLockOn │─────────────────────────────────────▸│ CapsLockOff │ │
│ ╰──────▴─────╯                   EvCapsLockPressed  ╰──────┬──────╯ │
│        └───────────────────────────────────────────────────┴        │
╰─────────────────────────────────────────────────────────────────────╯
