---
source: crates/mermaid-text/tests/snapshots.rs
assertion_line: 446
expression: out
---
            ╭───────╮
            │ ───── │
           ▸│ Redis │
           │╰───────╯
           │
           │
           │                                ╭────────────╮
┌─────┐│   │╭──────────╮     ┌────────┐    ▸│ ────────── │
│ App │├───┘│ ──────── │    ▸│ Worker │────┤│ PostgreSQL │
└─────┘├───▸│ RabbitMQ │────┘└────────┘    ▸╰────────────╯
       │    ╰──────────╯                   │
       └───────────────────────────────────┘
