---
source: crates/mermaid-text/tests/snapshots.rs
assertion_line: 838
expression: out
---
                           ╭──────╮
                          ▸│ Done │
                          │╰──────╯
╭─────╮     ╭────────╮────┘
(  ●  )────▸│ Active │
╰─────╯     ╰────────╯┄┄┄┄┐
                          ┆╭─────────────────────────╮
                          ─│ retries 3x with backoff │
                           ╰─────────────────────────╯
