---
source: crates/mermaid-text/tests/snapshots.rs
assertion_line: 702
expression: out
---






                                   ╭──────╮          ╭──────╮
                                 ┌▸│ Pass │─────────▸│ Done │────────┐
                                 │ ╰──────╯          ╰──────╯        │
                                 │                                   │
                                 │                                   │
                                 │                                   │
              ╱────────────╲  ok │ ╭──────╮                          │
             ▸│ named_cond │─────┘▸│ Fail ││                         │
             │╲────────────╱──────┘╰──────╯│                         │╭───────╮
╭─────╮      │                 error       └─────────────────────────▸│╭─────╮│
(  ●  )──────┘                                                       ▸││  ●  ││
╰─────╯──────┐                                                       ▸│╰─────╯│
             │╱──╲       start     ╭──────╮                         ┌▸╰───────╯
             ▸│  │────────stop────▸│ Open │─────────────────────────┼┘
              ╲──╱────────────────┐╰──────╯                         │
                                  │                                 │
                                  │                                 │
                                  │                                 │
                                  │╭────────╮                       │
                                  ▸│ Closed │───────────────────────┘
                                   ╰────────╯
