---
source: crates/mermaid-text/tests/snapshots.rs
assertion_line: 328
expression: out
---
╭─CI────────────────────────────────────╮
│                                       │
│ ┌──────┐      ┌───────┐      ┌──────┐ │   pass   ┌────────┐
│ │ Lint │━━━━━▸│ Build │━━━━━▸│ Test │━│━━━━━━━━━▸│ Deploy │
│ └──────┘      └───────┘      └──────┘┄│┄┄┄┄┄┄┄┄┄▸└────────┘
│                                       │   skip
╰───────────────────────────────────────╯
