---
source: crates/mermaid-text/tests/snapshots.rs
assertion_line: 284
expression: out
---
╭─Supervisor───────────╮
│                      │
│ ┌─────────┐          │    ┌───────────┐      ┌──────────┐
│▸│ Factory ││         │   ▸│ Heartbeat │─────▸│ Watchdog │
││└─────────┘│         │   │└───────────┘      └──────────┘
│└─────creates         │   │
│┌────panics┼┘         │   │
││┌────────┐│          │   │
│▸│ Worker ││      beat│   │
│ └────────┘───────────│───┘
│                      │
╰──────────────────────╯
