---
source: crates/mermaid-text/tests/snapshots.rs
assertion_line: 2133
expression: out
---
                                 ┌───────┐
                                ▸│ Gate2 │───────┐
                                │└───────┘       │
                 ┌───────┐│     │                │
                ▸│ Gate1 ││     │                │
                │└───────┘├──edge label          │
┌────────┐──────┼─────────┼──────────────────────▸┌──────┐
│ Source │      │         └──────────────────────▸│ Dest │
└────────┘──────┘                                ▸└──────┘
