---
source: crates/mermaid-text/tests/snapshots.rs
assertion_line: 742
expression: out
---
                                   ╭──────╮          ╭──────╮
                                  ▸│ Pass │─────────▸│ Done │────────┐
                                  │╰──────╯          ╰──────╯        │
                                  │                                  │
                                  │                                  │
                               ok │                                  │
              ╱────────────╲──────┘╭──────╮                          │
             ▸│ named_cond │      ▸│ Fail ││                         │
             │╲────────────╱──────┘╰──────╯│                         │╭───────╮
╭─────╮──────┘                 error       └─────────────────────────▸│╭─────╮│
(  ●  )                                                             ┌▸││  ●  ││
╰─────╯──────┐            start                                     │▸│╰─────╯│
             │╱──╲────────────────┐╭──────╮                         ││╰───────╯
             ▸│  │        stop    ▸│ Open │─────────────────────────┘│
              ╲──╱────────────────┐╰──────╯                          │
                                  │                                  │
                                  │                                  │
                                  │                                  │
                                  │╭────────╮                        │
                                  ▸│ Closed │────────────────────────┘
                                   ╰────────╯
