---
source: crates/mermaid-text/tests/snapshots.rs
assertion_line: 152
expression: out
---
╭─Sub───╮
│       │
│ ┌───┐ │    ┌─────┐
│ │ X │││   ▸│ Sub │
│ └───┘││   │└─────┘
│      ││   │
│┌─────┘│   │
││┌───┐ │   │
│▸│ Y │││   │
│ └───┘││   │
│      ││   │
│┌─────┘│   │
││┌───┐ │   │
│▸│ Z │ │   │
│ └───┘ │   │
│       │   │
╰───────╯   │
            │
            │
            │
  ┌───┐     │
  │ A │─────┘
  └───┘
