---
source: crates/mermaid-text/tests/snapshots.rs
expression: out
---
                     ╭─Services───────╮  ╭─Infra────────╮
                     │                │  │              │
┌───────────────┐    │ ┌────────────┐ │  │ ╭──────────╮ │
│ Load Balancer │────┼▸│ API Server │─┼──┼┐├──────────┤ │
└───────────────┘────┼┐└────────────┘┐│  │▸│ Postgres │ │
                     ││              ││  │▸╰──────────╯ │
                     ││              ││  ││             │
                     ││┌────────┐    ││  ││             │
                     │▸│ Worker │────┼┼──┼┘╭───────╮    │
                     │ └────────┘┐   ││  │ ├───────┤    │
                     │           │   └┼──┼▸│ Redis │    │
                     ╰───────────┴────╯──┼▸╰───────╯    │
                                         │              │
                                         ╰──────────────╯
