---
source: crates/mermaid-text/tests/snapshots.rs
expression: out
---
┌───────────────────┐    ┌─────────┐    ┌─────────────┐
│     CUSTOMER      │    │  ORDER  │    │  LINE-ITEM  │
├───────────────────┤    └─────────┘    └─────────────┘
│  string name      │
│  string email PK  │
└───────────────────┘
                     places
                     1──*
                                    contains
                                    1──+
